src/components/AnimatedButton.tsx(83,52): error TS2339: Property 'danger' does not exist on type '{ readonly primary: readonly [string, "#2563EB"]; readonly accent: readonly ["#1E3A8A", "#1E40AF"]; readonly card: readonly ["#FFFFFF", "#F1F5F9"]; readonly header: readonly ["#F8FAFC", "#FFFFFF"]; readonly screen: readonly ["#F8FAFC", "#F1F5F9"]; readonly glow: readonly [...]; readonly ring: readonly [...]; }'.
src/components/AnimatedButton.tsx(84,53): error TS2339: Property 'warning' does not exist on type '{ readonly primary: readonly [string, "#2563EB"]; readonly accent: readonly ["#1E3A8A", "#1E40AF"]; readonly card: readonly ["#FFFFFF", "#F1F5F9"]; readonly header: readonly ["#F8FAFC", "#FFFFFF"]; readonly screen: readonly ["#F8FAFC", "#F1F5F9"]; readonly glow: readonly [...]; readonly ring: readonly [...]; }'.
src/components/atoms/Skeleton.tsx(28,13): error TS2322: Type '{ width: string | number; height: number; borderRadius: number; backgroundColor: string; }' is not assignable to type 'AnimatedStyle<StyleProp<ViewStyle>> | RegisteredStyle<AnimatedStyle<StyleProp<ViewStyle>>> | RecursiveArray<...> | readonly (AnimatedStyle<...> | RegisteredStyle<...>)[]'.
  Types of property 'width' are incompatible.
    Type 'string | number' is not assignable to type 'DimensionValue | SharedValue<number> | SharedValue<AnimatedNode> | { addListener: ((callback: (value: any) => any) => string) | SharedValue<...> | {}; removeListener: ((id: string) => void) | ... 1 more ... | {}; removeAllListeners: (() => void) | ... 1 more ... | {}; hasListeners: (() => boolean) | ... 1 more ... |...'.
      Type 'string' is not assignable to type 'DimensionValue | SharedValue<number> | SharedValue<AnimatedNode> | { addListener: ((callback: (value: any) => any) => string) | SharedValue<...> | {}; removeListener: ((id: string) => void) | ... 1 more ... | {}; removeAllListeners: (() => void) | ... 1 more ... | {}; hasListeners: (() => boolean) | ... 1 more ... |...'.
src/components/charts/SensorLineChart.native.tsx(61,21): error TS2322: Type 'DataPoint[]' is not assignable to type 'Record<string, unknown>[]'.
  Type 'DataPoint' is not assignable to type 'Record<string, unknown>'.
    Index signature for type 'string' is missing in type 'DataPoint'.
src/components/charts/SensorLineChart.native.tsx(62,21): error TS2322: Type 'string' is not assignable to type 'never'.
src/components/charts/SensorLineChart.native.tsx(63,29): error TS2322: Type 'string' is not assignable to type 'never'.
src/components/charts/SensorLineChart.native.tsx(69,21): error TS2322: Type 'ChartPressState<{ x: number; y: { value: number; }; }>' is not assignable to type 'ChartPressState<{ x: never; y: Record<never, number>; }> | ChartPressState<{ x: never; y: Record<never, number>; }>[]'.
  Type 'ChartPressState<{ x: number; y: { value: number; }; }>' is not assignable to type 'ChartPressState<{ x: never; y: Record<never, number>; }>'.
    Type '{ x: number; y: { value: number; }; }' is not assignable to type '{ x: never; y: Record<never, number>; }'.
      Types of property 'x' are incompatible.
        Type 'number' is not assignable to type 'never'.
src/components/charts/SensorLineChart.native.tsx(74,48): error TS2339: Property 'value' does not exist on type '{}'.
src/components/charts/SensorLineChart.native.tsx(81,48): error TS2339: Property 'value' does not exist on type '{}'.
src/components/GlassCard.tsx(30,24): error TS2769: No overload matches this call.
  Overload 1 of 2, '(specifics: ({ ios?: { boxShadow: string; shadowColor?: undefined; shadowOffset?: undefined; shadowOpacity?: undefined; shadowRadius?: undefined; elevation?: undefined; backgroundColor: string; borderWidth: number; borderColor: string; } | { ...; } | { ...; }; ... 4 more ...; native?: { ...; } | ... 1 more ... | { ...; }; } & { ...; }) | { ...; }): { ...; } | ... 1 more ... | { ...; }', gave the following error.
    Object literal may only specify known properties, and 'backdropFilter' does not exist in type '{ boxShadow: string; shadowColor?: undefined; shadowOffset?: undefined; shadowOpacity?: undefined; shadowRadius?: undefined; elevation?: undefined; backgroundColor: string; borderWidth: number; borderColor: string; }'.
  Overload 2 of 2, '(specifics: { ios?: { backgroundColor: string; backdropFilter: string; WebkitBackdropFilter: string; borderWidth: number; borderColor: string; boxShadow: string; }; android?: { backgroundColor: string; ... 4 more ...; boxShadow: string; }; macos?: { ...; }; windows?: { ...; }; web?: { ...; }; native?: { ...; }; }): { ...; }', gave the following error.
    Object literal may only specify known properties, and 'default' does not exist in type '{ ios?: { backgroundColor: string; backdropFilter: string; WebkitBackdropFilter: string; borderWidth: number; borderColor: string; boxShadow: string; }; android?: { backgroundColor: string; backdropFilter: string; WebkitBackdropFilter: string; borderWidth: number; borderColor: string; boxShadow: string; }; macos?: {...'.
src/components/WaterQualityHUD.tsx(35,43): error TS2345: Argument of type 'string' is not assignable to parameter of type '"ph" | "turbidity" | "tds"'.
src/hooks/useBluetoothMock.ts(48,23): error TS2552: Cannot find name 'deviceId'. Did you mean 'devices'?
src/navigation/AppNavigator.tsx(22,40): error TS2322: Type '{ opts: undefined; }' is not assignable to type 'IntrinsicAttributes'.
  Property 'opts' does not exist on type 'IntrinsicAttributes'.
src/navigation/HydrobotNavigator.tsx(11,27): error TS2307: Cannot find module '../screens/Hydrobot/LiveMapScreen' or its corresponding type declarations.
src/screens/Asha/ASHAWorkerDashboard.tsx(23,93): error TS2339: Property 'iconBlueBg' does not exist on type '{ primary: string; primaryDark: string; primaryLight: string; accent: string; accentSoft: string; accentGlow: string; success: string; successSoft: string; warning: string; warningSoft: string; ... 16 more ...; border: string; }'.
src/screens/Asha/ASHAWorkerDashboard.tsx(24,111): error TS2339: Property 'iconGreenBg' does not exist on type '{ primary: string; primaryDark: string; primaryLight: string; accent: string; accentSoft: string; accentGlow: string; success: string; successSoft: string; warning: string; warningSoft: string; ... 16 more ...; border: string; }'.
src/screens/Asha/ASHAWorkerDashboard.tsx(25,107): error TS2339: Property 'iconOrangeBg' does not exist on type '{ primary: string; primaryDark: string; primaryLight: string; accent: string; accentSoft: string; accentGlow: string; success: string; successSoft: string; warning: string; warningSoft: string; ... 16 more ...; border: string; }'.
src/screens/Asha/ASHAWorkerDashboard.tsx(26,111): error TS2339: Property 'iconPurpleBg' does not exist on type '{ primary: string; primaryDark: string; primaryLight: string; accent: string; accentSoft: string; accentGlow: string; success: string; successSoft: string; warning: string; warningSoft: string; ... 16 more ...; border: string; }'.
src/screens/Asha/ASHAWorkerDashboard.tsx(121,25): error TS2820: Type '"outlined"' is not assignable to type '"danger" | "warning" | "ghost" | "primary" | "accent" | "outline"'. Did you mean '"outline"'?
src/screens/Asha/GenerateReportScreen.tsx(40,76): error TS2322: Type '{ title: string; variant: "primary"; iconLeft: string; style: { width: "100%"; }; }' is not assignable to type 'IntrinsicAttributes & AnimatedButtonProps'.
  Property 'iconLeft' does not exist on type 'IntrinsicAttributes & AnimatedButtonProps'.
src/screens/Auth/UserPortalScreen.tsx(15,7): error TS2740: Type '{ [x: string]: string; }' is missing the following properties from type 'Record<Role, "symbol" | "function" | "repeat" | "anchor" | "link" | "at" | "details" | "head" | "label" | "map" | "menu" | "script" | "select" | "table" | "video" | "circle" | ... 6579 more ... | "blank">': optimusx, admin, asha, health_official, and 2 more.
src/screens/CommunityMember/CommunityMemberDashboard.tsx(48,61): error TS2820: Type '"outlined"' is not assignable to type '"danger" | "warning" | "ghost" | "primary" | "accent" | "outline"'. Did you mean '"outline"'?
src/screens/Hydrobot/LiveMapScreen.web.tsx(59,9): error TS2345: Argument of type '{ container: { flex: number; }; map: { width: number; height: number; }; webMapPlaceholder: { justifyContent: "center"; alignItems: "center"; backgroundColor: string; }; overlay: { position: "absolute"; top: number; left: number; right: number; }; card: { ...; }; row: { ...; }; }' is not assignable to parameter of type '{ container: { flex: number; }; map: { width: number; height: number; }; webMapPlaceholder: { justifyContent: "center"; alignItems: "center"; backgroundColor: string; }; overlay: { position: "absolute"; top: number; left: number; right: number; }; card: { ...; }; row: { ...; }; } & NamedStyles<...>'.
  Property 'card' is incompatible with index signature.
    Object literal may only specify known properties, and 'boxShadow' does not exist in type 'TextStyle | ViewStyle | ImageStyle'.
src/screens/Hydrobot/RobotControlScreen.tsx(9,37): error TS2307: Cannot find module '../../components/robot/EmergencyStopButton' or its corresponding type declarations.
src/screens/Hydrobot/RobotControlScreen.tsx(92,57): error TS2353: Object literal may only specify known properties, and 'speed' does not exist in type 'Partial<Robot> | { telemetry: Partial<{ speed: number; heading: number; voltage: number; temp: number; ph: number; turbidity: number; tds: number; pollutionIndex?: number; }>; }'.
src/screens/Hydrobot/WaterAnalyticsScreen.tsx(7,33): error TS2307: Cannot find module '../../components/charts/SensorLineChart' or its corresponding type declarations.
src/screens/ML/MLSymptomsScreen.tsx(32,35): error TS2339: Property 'post' does not exist on type '{ getWaterQuality: () => Promise<WaterQualityData[]>; getAlerts: () => Promise<AlertData[]>; getBotFleet: () => Promise<RobotData[]>; login: (email: string, password: string) => Promise<...>; }'.
src/screens/ML/MLSymptomsScreen.tsx(170,33): error TS2339: Property 'surfaceLight' does not exist on type '{ primary: string; primaryDark: string; primaryLight: string; accent: string; accentSoft: string; accentGlow: string; success: string; successSoft: string; warning: string; warningSoft: string; ... 16 more ...; border: string; }'.
src/screens/OptimusX/BotDetailsScreen.tsx(18,21): error TS2352: Conversion of type 'Readonly<{ botId: string; }>' to type '{ bot: Bot; }' may be a mistake because neither type sufficiently overlaps with the other. If this was intentional, convert the expression to 'unknown' first.
  Property 'bot' is missing in type 'Readonly<{ botId: string; }>' but required in type '{ bot: Bot; }'.
src/screens/OptimusX/BotDetailsScreen.tsx(80,25): error TS2820: Type '"outlined"' is not assignable to type '"danger" | "warning" | "ghost" | "primary" | "accent" | "outline"'. Did you mean '"outline"'?
src/screens/OptimusX/BotDetailsScreen.tsx(87,25): error TS2322: Type '{ title: string; variant: "primary"; iconLeft: string; style: { width: "48%"; }; onPress: () => void; }' is not assignable to type 'IntrinsicAttributes & AnimatedButtonProps'.
  Property 'iconLeft' does not exist on type 'IntrinsicAttributes & AnimatedButtonProps'.
src/screens/OptimusX/DualConveyorControlScreen.tsx(95,25): error TS2322: Type '"primary" | "outlined"' is not assignable to type '"danger" | "warning" | "ghost" | "primary" | "accent" | "outline"'.
  Type '"outlined"' is not assignable to type '"danger" | "warning" | "ghost" | "primary" | "accent" | "outline"'. Did you mean '"outline"'?
src/screens/OptimusX/FleetManagementScreen.tsx(35,21): error TS2345: Argument of type 'RobotData[]' is not assignable to parameter of type 'SetStateAction<Bot[]>'.
  Type 'RobotData[]' is not assignable to type 'Bot[]'.
    Property 'location' is missing in type 'RobotData' but required in type 'Bot'.
src/screens/OptimusX/FleetManagementScreen.tsx(50,68): error TS2345: Argument of type '["BotDetails", { bot: Bot; }]' is not assignable to parameter of type '[screen: "BotDetails"] | [screen: "BotDetails", params: { botId: string; }]'.
  Type '["BotDetails", { bot: Bot; }]' is not assignable to type '[screen: "BotDetails", params: { botId: string; }]'.
    Type at position 1 in source is not compatible with type at position 1 in target.
      Object literal may only specify known properties, and 'bot' does not exist in type '{ botId: string; }'.
src/screens/OptimusX/HyacinthProcessingScreen.tsx(70,64): error TS2820: Type '"outlined"' is not assignable to type '"danger" | "warning" | "ghost" | "primary" | "accent" | "outline"'. Did you mean '"outline"'?
src/screens/OptimusX/HydrobotValveControlsScreen.tsx(77,25): error TS2820: Type '"outlined"' is not assignable to type '"danger" | "warning" | "ghost" | "primary" | "accent" | "outline"'. Did you mean '"outline"'?
src/screens/OptimusX/HydrobotValveControlsScreen.tsx(85,25): error TS2322: Type '{ title: string; variant: "primary"; style: ({ width: "48%"; } | { backgroundColor: string; })[]; iconLeft: string; }' is not assignable to type 'IntrinsicAttributes & AnimatedButtonProps'.
  Property 'iconLeft' does not exist on type 'IntrinsicAttributes & AnimatedButtonProps'.
src/screens/OptimusX/OptimusXHomePage.tsx(101,57): error TS2551: Property 'backgroundLight' does not exist on type '{ primary: string; primaryDark: string; primaryLight: string; accent: string; accentSoft: string; accentGlow: string; success: string; successSoft: string; warning: string; warningSoft: string; ... 16 more ...; border: string; }'. Did you mean 'background'?
src/screens/OptimusX/PHTestingScreen.tsx(31,64): error TS2345: Argument of type 'number' is not assignable to parameter of type 'string'.
src/screens/OptimusX/PHTestingScreen.tsx(35,40): error TS2345: Argument of type 'number' is not assignable to parameter of type 'string'.
src/screens/OptimusX/PHTestingScreen.tsx(41,69): error TS2339: Property 'phScale' does not exist on type '{ primary: string; primaryDark: string; primaryLight: string; accent: string; accentSoft: string; accentGlow: string; success: string; successSoft: string; warning: string; warningSoft: string; ... 16 more ...; border: string; }'.
src/screens/OptimusX/PHTestingScreen.tsx(42,23): error TS2339: Property 'phScale' does not exist on type '{ primary: string; primaryDark: string; primaryLight: string; accent: string; accentSoft: string; accentGlow: string; success: string; successSoft: string; warning: string; warningSoft: string; ... 16 more ...; border: string; }'.
src/screens/OptimusX/PHTestingScreen.tsx(92,49): error TS2339: Property 'phScale' does not exist on type '{ primary: string; primaryDark: string; primaryLight: string; accent: string; accentSoft: string; accentGlow: string; success: string; successSoft: string; warning: string; warningSoft: string; ... 16 more ...; border: string; }'.
src/screens/OptimusX/SmartChargingScreen.tsx(87,36): error TS2820: Type '"solar-power-variant-outline"' is not assignable to type '"symbol" | "function" | "repeat" | "anchor" | "link" | "at" | "details" | "head" | "label" | "map" | "menu" | "script" | "select" | "table" | "video" | "circle" | "ellipse" | "filter" | ... 6577 more ... | "blank"'. Did you mean '"share-variant-outline"'?
src/screens/OptimusX/SmartChargingScreen.tsx(100,22): error TS2741: Property 'labels' is missing in type '{ data: number[]; color: string; height: number; title: string; }' but required in type 'SimpleChartProps'.
src/screens/OptimusX/TurbidityTestingScreen.tsx(35,47): error TS2345: Argument of type 'number' is not assignable to parameter of type 'string'.
src/screens/OptimusX/TurbidityTestingScreen.tsx(112,38): error TS2741: Property 'labels' is missing in type '{ data: number[]; color: string; height: number; title: string; }' but required in type 'SimpleChartProps'.
src/screens/Patient/PatientEntryScreen.tsx(36,23): error TS2339: Property 'post' does not exist on type '{ getWaterQuality: () => Promise<WaterQualityData[]>; getAlerts: () => Promise<AlertData[]>; getBotFleet: () => Promise<RobotData[]>; login: (email: string, password: string) => Promise<...>; }'.
src/screens/Patient/PatientEntryScreen.tsx(176,33): error TS2339: Property 'surfaceLight' does not exist on type '{ primary: string; primaryDark: string; primaryLight: string; accent: string; accentSoft: string; accentGlow: string; success: string; successSoft: string; warning: string; warningSoft: string; ... 16 more ...; border: string; }'.
src/screens/Profile/ProfileScreen.tsx(7,10): error TS2614: Module '"../../context/AuthContext"' has no exported member 'AuthContext'. Did you mean to use 'import AuthContext from "../../context/AuthContext"' instead?
src/screens/Profile/ProfileScreen.tsx(11,13): error TS2339: Property 'user' does not exist on type '{}'.
src/screens/Profile/ProfileScreen.tsx(11,19): error TS2339: Property 'logout' does not exist on type '{}'.
src/screens/Profile/ProfileScreen.tsx(56,95): error TS2339: Property 'secondary' does not exist on type '{ primary: string; primaryDark: string; primaryLight: string; accent: string; accentSoft: string; accentGlow: string; success: string; successSoft: string; warning: string; warningSoft: string; ... 16 more ...; border: string; }'.
src/screens/Profile/ProfileScreen.tsx(90,57): error TS2322: Type 'string' is not assignable to type '"symbol" | "function" | "repeat" | "anchor" | "link" | "at" | "details" | "head" | "label" | "map" | "menu" | "script" | "select" | "table" | "video" | "circle" | "ellipse" | "filter" | ... 6577 more ... | "blank"'.
src/screens/Profile/ProfileScreen.tsx(96,98): error TS2339: Property 'subText' does not exist on type '{ primary: string; primaryDark: string; primaryLight: string; accent: string; accentSoft: string; accentGlow: string; success: string; successSoft: string; warning: string; warningSoft: string; ... 16 more ...; border: string; }'.
src/screens/Profile/ProfileScreen.tsx(142,60): error TS2339: Property 'textPrimary' does not exist on type '{ primary: string; primaryDark: string; primaryLight: string; accent: string; accentSoft: string; accentGlow: string; success: string; successSoft: string; warning: string; warningSoft: string; ... 16 more ...; border: string; }'.
src/screens/Profile/ProfileScreen.tsx(166,65): error TS2339: Property 'textPrimary' does not exist on type '{ primary: string; primaryDark: string; primaryLight: string; accent: string; accentSoft: string; accentGlow: string; success: string; successSoft: string; warning: string; warningSoft: string; ... 16 more ...; border: string; }'.
src/screens/Profile/ProfileScreen.tsx(180,67): error TS2339: Property 'textPrimary' does not exist on type '{ primary: string; primaryDark: string; primaryLight: string; accent: string; accentSoft: string; accentGlow: string; success: string; successSoft: string; warning: string; warningSoft: string; ... 16 more ...; border: string; }'.
src/screens/Settings/SettingsScreen.tsx(5,59): error TS2614: Module '"../../constants/theme"' has no exported member 'SHAPE'. Did you mean to use 'import SHAPE from "../../constants/theme"' instead?
src/screens/Settings/SettingsScreen.tsx(41,57): error TS2339: Property 'surfaceLight' does not exist on type '{ primary: string; primaryDark: string; primaryLight: string; accent: string; accentSoft: string; accentGlow: string; success: string; successSoft: string; warning: string; warningSoft: string; ... 16 more ...; border: string; }'.
src/screens/Settings/SettingsScreen.tsx(54,57): error TS2339: Property 'surfaceLight' does not exist on type '{ primary: string; primaryDark: string; primaryLight: string; accent: string; accentSoft: string; accentGlow: string; success: string; successSoft: string; warning: string; warningSoft: string; ... 16 more ...; border: string; }'.
src/screens/Settings/SettingsScreen.tsx(97,51): error TS2339: Property 'surfaceLight' does not exist on type '{ primary: string; primaryDark: string; primaryLight: string; accent: string; accentSoft: string; accentGlow: string; success: string; successSoft: string; warning: string; warningSoft: string; ... 16 more ...; border: string; }'.
src/screens/Shared/LogoutScreen.tsx(63,62): error TS2339: Property 'surfaceLight' does not exist on type '{ primary: string; primaryDark: string; primaryLight: string; accent: string; accentSoft: string; accentGlow: string; success: string; successSoft: string; warning: string; warningSoft: string; ... 16 more ...; border: string; }'.
src/services/networkBypass.ts(28,40): error TS2556: A spread argument must either have a tuple type or be passed to a rest parameter.
src/utils/i18n.ts(21,9): error TS1117: An object literal cannot have multiple properties with the same name.
src/utils/i18n.ts(59,9): error TS1117: An object literal cannot have multiple properties with the same name.
src/utils/i18n.ts(60,9): error TS1117: An object literal cannot have multiple properties with the same name.
src/utils/i18n.ts(61,9): error TS1117: An object literal cannot have multiple properties with the same name.
src/utils/i18n.ts(62,9): error TS1117: An object literal cannot have multiple properties with the same name.
src/utils/i18n.ts(63,9): error TS1117: An object literal cannot have multiple properties with the same name.
src/utils/i18n.ts(64,9): error TS1117: An object literal cannot have multiple properties with the same name.
src/utils/i18n.ts(144,9): error TS1117: An object literal cannot have multiple properties with the same name.
src/utils/i18n.ts(157,9): error TS1117: An object literal cannot have multiple properties with the same name.
src/utils/i18n.ts(190,9): error TS1117: An object literal cannot have multiple properties with the same name.
src/utils/i18n.ts(193,9): error TS1117: An object literal cannot have multiple properties with the same name.
src/utils/i18n.ts(195,9): error TS1117: An object literal cannot have multiple properties with the same name.
src/utils/i18n.ts(384,9): error TS1117: An object literal cannot have multiple properties with the same name.
src/utils/i18n.ts(397,9): error TS1117: An object literal cannot have multiple properties with the same name.
src/utils/i18n.ts(430,9): error TS1117: An object literal cannot have multiple properties with the same name.
src/utils/i18n.ts(433,9): error TS1117: An object literal cannot have multiple properties with the same name.
src/utils/i18n.ts(435,9): error TS1117: An object literal cannot have multiple properties with the same name.
src/utils/i18n.ts(513,9): error TS1117: An object literal cannot have multiple properties with the same name.
src/utils/i18n.ts(526,9): error TS1117: An object literal cannot have multiple properties with the same name.
src/utils/i18n.ts(527,9): error TS1117: An object literal cannot have multiple properties with the same name.
src/utils/i18n.ts(528,9): error TS1117: An object literal cannot have multiple properties with the same name.
src/utils/i18n.ts(529,9): error TS1117: An object literal cannot have multiple properties with the same name.
src/utils/i18n.ts(530,9): error TS1117: An object literal cannot have multiple properties with the same name.
src/utils/i18n.ts(531,9): error TS1117: An object literal cannot have multiple properties with the same name.
