src/components/charts/SensorLineChart.native.tsx(61,21): error TS2322: Type 'DataPoint[]' is not assignable to type 'Record<string, unknown>[]'.
  Type 'DataPoint' is not assignable to type 'Record<string, unknown>'.
    Index signature for type 'string' is missing in type 'DataPoint'.
src/components/charts/SensorLineChart.native.tsx(62,21): error TS2322: Type 'string' is not assignable to type 'never'.
src/components/charts/SensorLineChart.native.tsx(63,29): error TS2322: Type 'string' is not assignable to type 'never'.
src/components/charts/SensorLineChart.native.tsx(69,21): error TS2322: Type 'ChartPressState<{ x: number; y: { value: number; }; }>' is not assignable to type 'ChartPressState<{ x: never; y: Record<never, number>; }> | ChartPressState<{ x: never; y: Record<never, number>; }>[]'.
  Type 'ChartPressState<{ x: number; y: { value: number; }; }>' is not assignable to type 'ChartPressState<{ x: never; y: Record<never, number>; }>'.
    Type '{ x: number; y: { value: number; }; }' is not assignable to type '{ x: never; y: Record<never, number>; }'.
      Types of property 'x' are incompatible.
        Type 'number' is not assignable to type 'never'.
src/components/charts/SensorLineChart.native.tsx(74,48): error TS2339: Property 'value' does not exist on type '{}'.
src/components/charts/SensorLineChart.native.tsx(81,48): error TS2339: Property 'value' does not exist on type '{}'.
src/components/WaterQualityHUD.tsx(35,43): error TS2345: Argument of type 'string' is not assignable to parameter of type '"ph" | "turbidity" | "tds"'.
src/hooks/useBluetoothMock.ts(48,23): error TS2552: Cannot find name 'deviceId'. Did you mean 'devices'?
src/navigation/AppNavigator.tsx(22,40): error TS2322: Type '{ opts: undefined; }' is not assignable to type 'IntrinsicAttributes'.
  Property 'opts' does not exist on type 'IntrinsicAttributes'.
src/navigation/HydrobotNavigator.tsx(11,27): error TS2307: Cannot find module '../screens/Hydrobot/LiveMapScreen' or its corresponding type declarations.
src/screens/Auth/UserPortalScreen.tsx(15,7): error TS2740: Type '{ [x: string]: string; }' is missing the following properties from type 'Record<Role, "symbol" | "function" | "repeat" | "anchor" | "link" | "at" | "details" | "head" | "label" | "map" | "menu" | "script" | "select" | "table" | "video" | "circle" | ... 6579 more ... | "blank">': optimusx, admin, asha, health_official, and 2 more.
src/screens/Hydrobot/LiveMapScreen.web.tsx(59,9): error TS2345: Argument of type '{ container: { flex: number; }; map: { width: number; height: number; }; webMapPlaceholder: { justifyContent: "center"; alignItems: "center"; backgroundColor: string; }; overlay: { position: "absolute"; top: number; left: number; right: number; }; card: { ...; }; row: { ...; }; }' is not assignable to parameter of type '{ container: { flex: number; }; map: { width: number; height: number; }; webMapPlaceholder: { justifyContent: "center"; alignItems: "center"; backgroundColor: string; }; overlay: { position: "absolute"; top: number; left: number; right: number; }; card: { ...; }; row: { ...; }; } & NamedStyles<...>'.
  Property 'card' is incompatible with index signature.
    Object literal may only specify known properties, and 'boxShadow' does not exist in type 'TextStyle | ViewStyle | ImageStyle'.
src/screens/Hydrobot/RobotControlScreen.tsx(9,37): error TS2307: Cannot find module '../../components/robot/EmergencyStopButton' or its corresponding type declarations.
src/screens/Hydrobot/RobotControlScreen.tsx(92,57): error TS2353: Object literal may only specify known properties, and 'speed' does not exist in type 'Partial<Robot> | { telemetry: Partial<{ speed: number; heading: number; voltage: number; temp: number; ph: number; turbidity: number; tds: number; pollutionIndex?: number; }>; }'.
src/screens/Hydrobot/WaterAnalyticsScreen.tsx(7,33): error TS2307: Cannot find module '../../components/charts/SensorLineChart' or its corresponding type declarations.
src/screens/OptimusX/OptimusXHomePage.tsx(101,57): error TS2551: Property 'backgroundLight' does not exist on type '{ primary: string; primaryDark: string; primaryLight: string; accent: string; accentSoft: string; accentGlow: string; phScale: string[]; surfaceLight: string; success: string; successSoft: string; ... 18 more ...; border: string; }'. Did you mean 'background'?
src/screens/OptimusX/SmartChargingScreen.tsx(100,22): error TS2741: Property 'labels' is missing in type '{ data: number[]; color: string; height: number; title: string; }' but required in type 'SimpleChartProps'.
src/screens/OptimusX/TurbidityTestingScreen.tsx(111,38): error TS2741: Property 'labels' is missing in type '{ data: number[]; color: string; height: number; title: string; }' but required in type 'SimpleChartProps'.
src/services/networkBypass.ts(28,40): error TS2556: A spread argument must either have a tuple type or be passed to a rest parameter.
